// Jest Snapshot v1, https://goo.gl/fbAQLP

exports[`Button Component renders button correctly 1`] = `
<View
  accessibilityComponentType={undefined}
  accessibilityLabel={undefined}
  accessibilityTraits={undefined}
  accessible={true}
  collapsable={undefined}
  hasTVPreferredFocus={undefined}
  hitSlop={undefined}
  isTVSelectable={true}
  nativeID={undefined}
  onLayout={undefined}
  onResponderGrant={[Function]}
  onResponderMove={[Function]}
  onResponderRelease={[Function]}
  onResponderTerminate={[Function]}
  onResponderTerminationRequest={[Function]}
  onStartShouldSetResponder={[Function]}
  style={
    Object {
      "borderColor": "#5F9EA0",
      "borderRadius": 50,
      "borderWidth": 2.5,
      "marginVertical": 10,
      "minHeight": 50,
      "minWidth": 100,
      "opacity": 1,
      "padding": 10,
    }
  }
  testID={undefined}
  tvParallaxProperties={undefined}
>
  <Text
    accessible={true}
    allowFontScaling={true}
    ellipsizeMode="tail"
    style={
      Object {
        "color": "#5F9EA0",
        "fontSize": 18,
        "fontWeight": "bold",
        "textAlign": "center",
      }
    }
  >
    button test
  </Text>
</View>
`;
